// Jest Snapshot v1, https://goo.gl/fbAQLP

exports[`snapshot 1`] = `
Object {
  "apiOrigin": "http://localhost:3002",
  "host": "localhost",
  "port": "3002",
  "protocol": "http",
  "sseOrigin": "http://localhost:3002/channel",
}
`;
