// Jest Snapshot v1, https://goo.gl/fbAQLP

exports[`snapshot 1`] = `
Object {
  "green": "#d1db4a",
  "orange": "#ff7950",
  "red": "#f2615a",
}
`;
